// Jest Snapshot v1, https://goo.gl/fbAQLP

exports[`тестирование добавления клиента 1`] = `
<div
  className="MobileCompany"
>
  <input
    className="mts"
    onClick={[Function]}
    type="button"
    value="MTS"
  />
  <input
    onClick={[Function]}
    type="button"
    value="Velcom"
  />
  <div
    className="MobileCompanyName"
  >
    Компания «
    Velcom
    »
  </div>
  <input
    className="All"
    id="Все"
    onClick={[Function]}
    type="button"
  />
  <input
    className="ButtonActive"
    onClick={[Function]}
    type="button"
    value="Активные"
  />
  <input
    className="ButtonBlocked"
    onClick={[Function]}
    type="button"
    value="Заблокированные"
  />
  <table
    className="ItemsList"
  >
    <thead>
      <tr
        className="ListHeader"
      >
        <th>
          Фамилия
        </th>
        <th>
          Имя
        </th>
        <th>
          Отчество
        </th>
        <th>
          Баланс
        </th>
        <th>
          Статус
        </th>
        <th>
          Редактировать
        </th>
        <th>
          Удалить
        </th>
      </tr>
    </thead>
    <tbody
      className="MobileCompanyClients"
    >
      <tr
        className="MobileClient"
      >
        <td>
          Иванов
        </td>
        <td>
          Иван
        </td>
        <td>
          Иванович
        </td>
        <td>
          200
        </td>
        <td
          className="Active"
        >
          Active
        </td>
        <td>
          <input
            className="Edit"
            onClick={[Function]}
            type="button"
            value="Редактировать"
          />
           
        </td>
        <td>
          <input
            className="Delete"
            onClick={[Function]}
            type="button"
            value="Удалить"
          />
           
        </td>
      </tr>
      <tr
        className="MobileClient"
      >
        <td>
          Сидоров
        </td>
        <td>
          Сидор
        </td>
        <td>
          Сидорович
        </td>
        <td>
          -250
        </td>
        <td
          className="Blocked"
        >
          Blocked
        </td>
        <td>
          <input
            className="Edit"
            onClick={[Function]}
            type="button"
            value="Редактировать"
          />
           
        </td>
        <td>
          <input
            className="Delete"
            onClick={[Function]}
            type="button"
            value="Удалить"
          />
           
        </td>
      </tr>
      <tr
        className="MobileClient"
      >
        <td>
          Петров
        </td>
        <td>
          Пётр
        </td>
        <td>
          Петрович
        </td>
        <td>
          180
        </td>
        <td
          className="Active"
        >
          Active
        </td>
        <td>
          <input
            className="Edit"
            onClick={[Function]}
            type="button"
            value="Редактировать"
          />
           
        </td>
        <td>
          <input
            className="Delete"
            onClick={[Function]}
            type="button"
            value="Удалить"
          />
           
        </td>
      </tr>
      <tr
        className="MobileClient"
      >
        <td>
          Григорьев
        </td>
        <td>
          Григорий
        </td>
        <td>
          Григорьевич
        </td>
        <td>
          220
        </td>
        <td
          className="Active"
        >
          Active
        </td>
        <td>
          <input
            className="Edit"
            onClick={[Function]}
            type="button"
            value="Редактировать"
          />
           
        </td>
        <td>
          <input
            className="Delete"
            onClick={[Function]}
            type="button"
            value="Удалить"
          />
           
        </td>
      </tr>
    </tbody>
  </table>
  <input
    className="AddNewClient"
    disabled={false}
    onClick={[Function]}
    type="button"
    value="Добавить клиента"
  />
</div>
`;

exports[`тестирование добавления клиента 2`] = `
<div
  className="MobileCompany"
>
  <input
    className="mts"
    onClick={[Function]}
    type="button"
    value="MTS"
  />
  <input
    onClick={[Function]}
    type="button"
    value="Velcom"
  />
  <div
    className="MobileCompanyName"
  >
    Компания «
    Velcom
    »
  </div>
  <input
    className="All"
    id="Все"
    onClick={[Function]}
    type="button"
  />
  <input
    className="ButtonActive"
    onClick={[Function]}
    type="button"
    value="Активные"
  />
  <input
    className="ButtonBlocked"
    onClick={[Function]}
    type="button"
    value="Заблокированные"
  />
  <table
    className="ItemsList"
  >
    <thead>
      <tr
        className="ListHeader"
      >
        <th>
          Фамилия
        </th>
        <th>
          Имя
        </th>
        <th>
          Отчество
        </th>
        <th>
          Баланс
        </th>
        <th>
          Статус
        </th>
        <th>
          Редактировать
        </th>
        <th>
          Удалить
        </th>
      </tr>
    </thead>
    <tbody
      className="MobileCompanyClients"
    >
      <tr
        className="MobileClient"
      >
        <td>
          Иванов
        </td>
        <td>
          Иван
        </td>
        <td>
          Иванович
        </td>
        <td>
          200
        </td>
        <td
          className="Active"
        >
          Active
        </td>
        <td>
          <input
            className="Edit"
            onClick={[Function]}
            type="button"
            value="Редактировать"
          />
           
        </td>
        <td>
          <input
            className="Delete"
            onClick={[Function]}
            type="button"
            value="Удалить"
          />
           
        </td>
      </tr>
      <tr
        className="MobileClient"
      >
        <td>
          Сидоров
        </td>
        <td>
          Сидор
        </td>
        <td>
          Сидорович
        </td>
        <td>
          -250
        </td>
        <td
          className="Blocked"
        >
          Blocked
        </td>
        <td>
          <input
            className="Edit"
            onClick={[Function]}
            type="button"
            value="Редактировать"
          />
           
        </td>
        <td>
          <input
            className="Delete"
            onClick={[Function]}
            type="button"
            value="Удалить"
          />
           
        </td>
      </tr>
      <tr
        className="MobileClient"
      >
        <td>
          Петров
        </td>
        <td>
          Пётр
        </td>
        <td>
          Петрович
        </td>
        <td>
          180
        </td>
        <td
          className="Active"
        >
          Active
        </td>
        <td>
          <input
            className="Edit"
            onClick={[Function]}
            type="button"
            value="Редактировать"
          />
           
        </td>
        <td>
          <input
            className="Delete"
            onClick={[Function]}
            type="button"
            value="Удалить"
          />
           
        </td>
      </tr>
      <tr
        className="MobileClient"
      >
        <td>
          Григорьев
        </td>
        <td>
          Григорий
        </td>
        <td>
          Григорьевич
        </td>
        <td>
          220
        </td>
        <td
          className="Active"
        >
          Active
        </td>
        <td>
          <input
            className="Edit"
            onClick={[Function]}
            type="button"
            value="Редактировать"
          />
           
        </td>
        <td>
          <input
            className="Delete"
            onClick={[Function]}
            type="button"
            value="Удалить"
          />
           
        </td>
      </tr>
      <tr
        className="MobileClient"
      >
        <td>
          Ким
        </td>
        <td>
          Ир
        </td>
        <td>
          Чен
        </td>
        <td>
          220
        </td>
        <td
          className="Active"
        >
          Active
        </td>
        <td>
          <input
            className="Edit"
            onClick={[Function]}
            type="button"
            value="Редактировать"
          />
           
        </td>
        <td>
          <input
            className="Delete"
            onClick={[Function]}
            type="button"
            value="Удалить"
          />
           
        </td>
      </tr>
    </tbody>
  </table>
  <input
    className="AddNewClient"
    disabled={false}
    onClick={[Function]}
    type="button"
    value="Добавить клиента"
  />
</div>
`;

exports[`тестирование сохранения измененных параметров клиента 1`] = `
<div
  className="MobileCompany"
>
  <input
    className="mts"
    onClick={[Function]}
    type="button"
    value="MTS"
  />
  <input
    onClick={[Function]}
    type="button"
    value="Velcom"
  />
  <div
    className="MobileCompanyName"
  >
    Компания «
    Velcom
    »
  </div>
  <input
    className="All"
    id="Все"
    onClick={[Function]}
    type="button"
  />
  <input
    className="ButtonActive"
    onClick={[Function]}
    type="button"
    value="Активные"
  />
  <input
    className="ButtonBlocked"
    onClick={[Function]}
    type="button"
    value="Заблокированные"
  />
  <table
    className="ItemsList"
  >
    <thead>
      <tr
        className="ListHeader"
      >
        <th>
          Фамилия
        </th>
        <th>
          Имя
        </th>
        <th>
          Отчество
        </th>
        <th>
          Баланс
        </th>
        <th>
          Статус
        </th>
        <th>
          Редактировать
        </th>
        <th>
          Удалить
        </th>
      </tr>
    </thead>
    <tbody
      className="MobileCompanyClients"
    >
      <tr
        className="MobileClient"
      >
        <td>
          Иванов
        </td>
        <td>
          Иван
        </td>
        <td>
          Иванович
        </td>
        <td>
          200
        </td>
        <td
          className="Active"
        >
          Active
        </td>
        <td>
          <input
            className="Edit"
            onClick={[Function]}
            type="button"
            value="Редактировать"
          />
           
        </td>
        <td>
          <input
            className="Delete"
            onClick={[Function]}
            type="button"
            value="Удалить"
          />
           
        </td>
      </tr>
      <tr
        className="MobileClient"
      >
        <td>
          Сидоров
        </td>
        <td>
          Сидор
        </td>
        <td>
          Сидорович
        </td>
        <td>
          -250
        </td>
        <td
          className="Blocked"
        >
          Blocked
        </td>
        <td>
          <input
            className="Edit"
            onClick={[Function]}
            type="button"
            value="Редактировать"
          />
           
        </td>
        <td>
          <input
            className="Delete"
            onClick={[Function]}
            type="button"
            value="Удалить"
          />
           
        </td>
      </tr>
      <tr
        className="MobileClient"
      >
        <td>
          Петров
        </td>
        <td>
          Пётр
        </td>
        <td>
          Петрович
        </td>
        <td>
          180
        </td>
        <td
          className="Active"
        >
          Active
        </td>
        <td>
          <input
            className="Edit"
            onClick={[Function]}
            type="button"
            value="Редактировать"
          />
           
        </td>
        <td>
          <input
            className="Delete"
            onClick={[Function]}
            type="button"
            value="Удалить"
          />
           
        </td>
      </tr>
      <tr
        className="MobileClient"
      >
        <td>
          Григорьев
        </td>
        <td>
          Григорий
        </td>
        <td>
          Григорьевич
        </td>
        <td>
          220
        </td>
        <td
          className="Active"
        >
          Active
        </td>
        <td>
          <input
            className="Edit"
            onClick={[Function]}
            type="button"
            value="Редактировать"
          />
           
        </td>
        <td>
          <input
            className="Delete"
            onClick={[Function]}
            type="button"
            value="Удалить"
          />
           
        </td>
      </tr>
    </tbody>
  </table>
  <input
    className="AddNewClient"
    disabled={false}
    onClick={[Function]}
    type="button"
    value="Добавить клиента"
  />
</div>
`;

exports[`тестирование сохранения измененных параметров клиента 2`] = `
<div
  className="MobileCompany"
>
  <input
    className="mts"
    onClick={[Function]}
    type="button"
    value="MTS"
  />
  <input
    onClick={[Function]}
    type="button"
    value="Velcom"
  />
  <div
    className="MobileCompanyName"
  >
    Компания «
    Velcom
    »
  </div>
  <input
    className="All"
    id="Все"
    onClick={[Function]}
    type="button"
  />
  <input
    className="ButtonActive"
    onClick={[Function]}
    type="button"
    value="Активные"
  />
  <input
    className="ButtonBlocked"
    onClick={[Function]}
    type="button"
    value="Заблокированные"
  />
  <table
    className="ItemsList"
  >
    <thead>
      <tr
        className="ListHeader"
      >
        <th>
          Фамилия
        </th>
        <th>
          Имя
        </th>
        <th>
          Отчество
        </th>
        <th>
          Баланс
        </th>
        <th>
          Статус
        </th>
        <th>
          Редактировать
        </th>
        <th>
          Удалить
        </th>
      </tr>
    </thead>
    <tbody
      className="MobileCompanyClients"
    >
      <tr
        className="MobileClient"
      >
        <td>
          Иванов
        </td>
        <td>
          Иван
        </td>
        <td>
          Иванович
        </td>
        <td>
          200
        </td>
        <td
          className="Active"
        >
          Active
        </td>
        <td>
          <input
            className="Edit"
            onClick={[Function]}
            type="button"
            value="Редактировать"
          />
           
        </td>
        <td>
          <input
            className="Delete"
            onClick={[Function]}
            type="button"
            value="Удалить"
          />
           
        </td>
      </tr>
      <tr
        className="MobileClient"
      >
        <td>
          Сидоров
        </td>
        <td>
          Сидор
        </td>
        <td>
          Сидорович
        </td>
        <td>
          -250
        </td>
        <td
          className="Blocked"
        >
          Blocked
        </td>
        <td>
          <input
            className="Edit"
            onClick={[Function]}
            type="button"
            value="Редактировать"
          />
           
        </td>
        <td>
          <input
            className="Delete"
            onClick={[Function]}
            type="button"
            value="Удалить"
          />
           
        </td>
      </tr>
      <tr
        className="MobileClient"
      >
        <td>
          Петров
        </td>
        <td>
          Пётр
        </td>
        <td>
          Петрович
        </td>
        <td>
          180
        </td>
        <td
          className="Active"
        >
          Active
        </td>
        <td>
          <input
            className="Edit"
            onClick={[Function]}
            type="button"
            value="Редактировать"
          />
           
        </td>
        <td>
          <input
            className="Delete"
            onClick={[Function]}
            type="button"
            value="Удалить"
          />
           
        </td>
      </tr>
      <tr
        className="MobileClient"
      >
        <td>
          Григорьев
        </td>
        <td>
          Григорий
        </td>
        <td>
          Григорьевич
        </td>
        <td>
          220
        </td>
        <td
          className="Active"
        >
          Active
        </td>
        <td>
          <input
            className="Edit"
            onClick={[Function]}
            type="button"
            value="Редактировать"
          />
           
        </td>
        <td>
          <input
            className="Delete"
            onClick={[Function]}
            type="button"
            value="Удалить"
          />
           
        </td>
      </tr>
    </tbody>
  </table>
  <input
    className="AddNewClient"
    disabled={false}
    onClick={[Function]}
    type="button"
    value="Добавить клиента"
  />
</div>
`;

exports[`тестирование удаления клиента 1`] = `
<div
  className="MobileCompany"
>
  <input
    className="mts"
    onClick={[Function]}
    type="button"
    value="MTS"
  />
  <input
    onClick={[Function]}
    type="button"
    value="Velcom"
  />
  <div
    className="MobileCompanyName"
  >
    Компания «
    Velcom
    »
  </div>
  <input
    className="All"
    id="Все"
    onClick={[Function]}
    type="button"
  />
  <input
    className="ButtonActive"
    onClick={[Function]}
    type="button"
    value="Активные"
  />
  <input
    className="ButtonBlocked"
    onClick={[Function]}
    type="button"
    value="Заблокированные"
  />
  <table
    className="ItemsList"
  >
    <thead>
      <tr
        className="ListHeader"
      >
        <th>
          Фамилия
        </th>
        <th>
          Имя
        </th>
        <th>
          Отчество
        </th>
        <th>
          Баланс
        </th>
        <th>
          Статус
        </th>
        <th>
          Редактировать
        </th>
        <th>
          Удалить
        </th>
      </tr>
    </thead>
    <tbody
      className="MobileCompanyClients"
    >
      <tr
        className="MobileClient"
      >
        <td>
          Иванов
        </td>
        <td>
          Иван
        </td>
        <td>
          Иванович
        </td>
        <td>
          200
        </td>
        <td
          className="Active"
        >
          Active
        </td>
        <td>
          <input
            className="Edit"
            onClick={[Function]}
            type="button"
            value="Редактировать"
          />
           
        </td>
        <td>
          <input
            className="Delete"
            onClick={[Function]}
            type="button"
            value="Удалить"
          />
           
        </td>
      </tr>
      <tr
        className="MobileClient"
      >
        <td>
          Сидоров
        </td>
        <td>
          Сидор
        </td>
        <td>
          Сидорович
        </td>
        <td>
          -250
        </td>
        <td
          className="Blocked"
        >
          Blocked
        </td>
        <td>
          <input
            className="Edit"
            onClick={[Function]}
            type="button"
            value="Редактировать"
          />
           
        </td>
        <td>
          <input
            className="Delete"
            onClick={[Function]}
            type="button"
            value="Удалить"
          />
           
        </td>
      </tr>
      <tr
        className="MobileClient"
      >
        <td>
          Петров
        </td>
        <td>
          Пётр
        </td>
        <td>
          Петрович
        </td>
        <td>
          180
        </td>
        <td
          className="Active"
        >
          Active
        </td>
        <td>
          <input
            className="Edit"
            onClick={[Function]}
            type="button"
            value="Редактировать"
          />
           
        </td>
        <td>
          <input
            className="Delete"
            onClick={[Function]}
            type="button"
            value="Удалить"
          />
           
        </td>
      </tr>
      <tr
        className="MobileClient"
      >
        <td>
          Григорьев
        </td>
        <td>
          Григорий
        </td>
        <td>
          Григорьевич
        </td>
        <td>
          220
        </td>
        <td
          className="Active"
        >
          Active
        </td>
        <td>
          <input
            className="Edit"
            onClick={[Function]}
            type="button"
            value="Редактировать"
          />
           
        </td>
        <td>
          <input
            className="Delete"
            onClick={[Function]}
            type="button"
            value="Удалить"
          />
           
        </td>
      </tr>
    </tbody>
  </table>
  <input
    className="AddNewClient"
    disabled={false}
    onClick={[Function]}
    type="button"
    value="Добавить клиента"
  />
</div>
`;

exports[`тестирование удаления клиента 2`] = `
<div
  className="MobileCompany"
>
  <input
    className="mts"
    onClick={[Function]}
    type="button"
    value="MTS"
  />
  <input
    onClick={[Function]}
    type="button"
    value="Velcom"
  />
  <div
    className="MobileCompanyName"
  >
    Компания «
    Velcom
    »
  </div>
  <input
    className="All"
    id="Все"
    onClick={[Function]}
    type="button"
  />
  <input
    className="ButtonActive"
    onClick={[Function]}
    type="button"
    value="Активные"
  />
  <input
    className="ButtonBlocked"
    onClick={[Function]}
    type="button"
    value="Заблокированные"
  />
  <table
    className="ItemsList"
  >
    <thead>
      <tr
        className="ListHeader"
      >
        <th>
          Фамилия
        </th>
        <th>
          Имя
        </th>
        <th>
          Отчество
        </th>
        <th>
          Баланс
        </th>
        <th>
          Статус
        </th>
        <th>
          Редактировать
        </th>
        <th>
          Удалить
        </th>
      </tr>
    </thead>
    <tbody
      className="MobileCompanyClients"
    >
      <tr
        className="MobileClient"
      >
        <td>
          Иванов
        </td>
        <td>
          Иван
        </td>
        <td>
          Иванович
        </td>
        <td>
          200
        </td>
        <td
          className="Active"
        >
          Active
        </td>
        <td>
          <input
            className="Edit"
            onClick={[Function]}
            type="button"
            value="Редактировать"
          />
           
        </td>
        <td>
          <input
            className="Delete"
            onClick={[Function]}
            type="button"
            value="Удалить"
          />
           
        </td>
      </tr>
      <tr
        className="MobileClient"
      >
        <td>
          Сидоров
        </td>
        <td>
          Сидор
        </td>
        <td>
          Сидорович
        </td>
        <td>
          -250
        </td>
        <td
          className="Blocked"
        >
          Blocked
        </td>
        <td>
          <input
            className="Edit"
            onClick={[Function]}
            type="button"
            value="Редактировать"
          />
           
        </td>
        <td>
          <input
            className="Delete"
            onClick={[Function]}
            type="button"
            value="Удалить"
          />
           
        </td>
      </tr>
      <tr
        className="MobileClient"
      >
        <td>
          Петров
        </td>
        <td>
          Пётр
        </td>
        <td>
          Петрович
        </td>
        <td>
          180
        </td>
        <td
          className="Active"
        >
          Active
        </td>
        <td>
          <input
            className="Edit"
            onClick={[Function]}
            type="button"
            value="Редактировать"
          />
           
        </td>
        <td>
          <input
            className="Delete"
            onClick={[Function]}
            type="button"
            value="Удалить"
          />
           
        </td>
      </tr>
      <tr
        className="MobileClient"
      >
        <td>
          Григорьев
        </td>
        <td>
          Григорий
        </td>
        <td>
          Григорьевич
        </td>
        <td>
          220
        </td>
        <td
          className="Active"
        >
          Active
        </td>
        <td>
          <input
            className="Edit"
            onClick={[Function]}
            type="button"
            value="Редактировать"
          />
           
        </td>
        <td>
          <input
            className="Delete"
            onClick={[Function]}
            type="button"
            value="Удалить"
          />
           
        </td>
      </tr>
    </tbody>
  </table>
  <input
    className="AddNewClient"
    disabled={false}
    onClick={[Function]}
    type="button"
    value="Добавить клиента"
  />
</div>
`;
